
> booklean@0.0.0 build
> ng build

[33mÔØ»[39m Building...
[32mÔ£ö[39m Building...
[1mInitial chunk files[22m[2m | [22m[1mNames[22m                   [2m | [22m [1mRaw size[22m[2m | [22m[1mEstimated transfer size[22m
[32mchunk-QJ2UMTSN.js[39m  [2m | [22m[2m-[22m                       [2m | [22m[36m270.03 kB[39m[2m | [22m               [36m74.60 kB[39m
[32mstyles-GXLVWUCY.css[39m[2m | [22m[2mstyles[22m                  [2m | [22m [36m83.07 kB[39m[2m | [22m                [36m7.69 kB[39m
[32mmain-SE2SLURT.js[39m   [2m | [22m[2mmain[22m                    [2m | [22m [36m20.86 kB[39m[2m | [22m                [36m4.36 kB[39m
[32mchunk-IMPBB4AK.js[39m  [2m | [22m[2m-[22m                       [2m | [22m[36m687 bytes[39m[2m | [22m              [36m687 bytes[39m
[32mchunk-ZUYJLUK3.js[39m  [2m | [22m[2m-[22m                       [2m | [22m[36m593 bytes[39m[2m | [22m              [36m593 bytes[39m

[1m [22m                  [2m | [22m[1mInitial total[22m           [2m | [22m[1m375.24 kB[22m[2m | [22m               [1m87.94 kB[22m

[1mLazy chunk files[22m   [2m | [22m[1mNames[22m                   [2m | [22m [1mRaw size[22m[2m | [22m[1mEstimated transfer size[22m
[32mchunk-ZU6362F4.js[39m  [2m | [22m[2mhome-component[22m          [2m | [22m[36m263.25 kB[39m[2m | [22m               [36m96.55 kB[39m
[32mchunk-NCKG25GI.js[39m  [2m | [22m[2mmain-layout-component[22m   [2m | [22m [36m41.92 kB[39m[2m | [22m                [36m9.26 kB[39m
[32mchunk-V6J3RJFP.js[39m  [2m | [22m[2maos[22m                     [2m | [22m [36m14.64 kB[39m[2m | [22m                [36m4.53 kB[39m
[32mchunk-XKGMKEHL.js[39m  [2m | [22m[2mservice-detail-component[22m[2m | [22m [36m11.88 kB[39m[2m | [22m                [36m3.25 kB[39m
[32mchunk-WIODYJLB.js[39m  [2m | [22m[2m-[22m                       [2m | [22m  [36m9.37 kB[39m[2m | [22m                [36m2.56 kB[39m
[32mchunk-LNMQ5N53.js[39m  [2m | [22m[2m-[22m                       [2m | [22m  [36m5.57 kB[39m[2m | [22m                [36m1.78 kB[39m

Application bundle generation complete. [7.607 seconds] - 2026-03-29T11:15:25.785Z

node.exe : [1m[33m[33mÔû▓ 
[43;33m[[43;30mWARNING[43;
33m][0m [1mDeprecation[0m 
[1m[35m[plugin 
angular-sass][0m
At line:1 char:1
+ & 
"C:\nvm4w\nodejs/node.exe" "C
:\nvm4w\nodejs/node_modules/n
pm/bin/np ...
+ ~~~~~~~~~~~~~~~~~~~~~~~~~~~
~~~~~~~~~~~~~~~~~~~~~~~~~~~~~
~~~~~~~~~~~~~
    + CategoryInfo           
   : NotSpecified: ([1m[3  
  3m[33mÔ...gular-sass][   
 0m:String) [], RemoteExc    
eption
    + FullyQualifiedErrorId  
   : NativeCommandError
 

    src/app/components/final-
cta/final-cta.component.scss:
1:8:
[37m      1 Ôöé @import [32
m[37m"../../../styles.scss";
        ÔòÁ         
[32m^[0m


  Sass @import rules are 
deprecated and will be 
removed in Dart Sass 3.0.0.
  
  More info and automated 
migrator: [4mhttps://sass-la
ng.com/d/import[0m


[33mÔû▓ [43;33m[[43;30mWAR
NING[43;33m][0m [1msrc/app
/pages/home/home.component.sc
ss exceeded maximum budget. 
Budget 50.00 kB was not met 
by 35.41 kB with a total of 
85.41 kB.[0m


[33mÔû▓ [43;33m[[43;30mWAR
NING[43;33m][0m [1mcss-inl
ine-fonts:https://fonts.googl
eapis.com/css2?family=Montser
rat:ital,wght@0,300;0,400;0,5
00;0,600;0,700;0,800;1,400&fa
mily=Inter:wght@300;400;500;6
00;700&display=swap exceeded 
maximum budget. Budget 50.00 
kB was not met by 35.72 kB 
with a total of 85.72 kB.[0m


[33mÔû▓ [43;33m[[43;30mWAR
NING[43;33m][0m [1mModule 
'aos' used by 
'src/app/app.ts' is not 
ESM[0m

  CommonJS or AMD 
dependencies can cause 
optimization bailouts.
  For more information see: 
[4mhttps://angular.dev/tools/
cli/build#configuring-commonj
s-dependencies[0m

[39m[22m
Output location: F:\shihab\New folder (2)\booklean\booklean\dist\booklean

